sample	top_taxonomy_name		
1	Asmodeus Poisonteeth (Redwall)		
1	Kaa		
1	Nagini		
1	Blue Racer		
1	Craig Slithers		
1	King Cobra		
1	Madame White Snake		
1	Master Viper		
1	Asmodeus Poisonteeth (Giant Ice Eyes)		
1	Naagraj		
