sample	top_taxonomy_name		
1	Asmodeus Poisonteeth (Redwall)		
1	Kaa		
1	Nagini		
1	Blue Racer		
1	Craig Slithers		
1	King Cobra		
1	Madame White Snake (Chinese legend)		
1	Master Viper (Kung Fu Panda)		
1	Madame White Snake (aka White Serpent)		
1	Naagraj
who cares	Master Viper (Titanoboa)
who cares	Hydra of Lerna      		
